The CJS build of Vite's Node API is deprecated. See https://vite.dev/guide/troubleshooting.html#vite-cjs-node-api-deprecated for more details.

 RUN  v2.1.9 C:/Users/jagord/Downloads/vscode/aicodingsummitdemo/backend

{"level":30,"time":1779213786686,"service":"caseflow-api","msg":"using Cosmos DB store"}
(node:41328) Warning: Setting the NODE_TLS_REJECT_UNAUTHORIZED environment variable to '0' makes TLS connections and HTTPS requests insecure by disabling certificate verification.
(Use `node --trace-warnings ...` to show where the warning was created)
{"level":30,"time":1779213786917,"service":"caseflow-api","database":"caseflow","container":"entities","msg":"Cosmos container ready"}
{"level":30,"time":1779213787152,"service":"caseflow-api","req":{"id":1,"method":"GET","url":"/api/health","query":{},"params":{},"headers":{"host":"127.0.0.1:55130","accept-encoding":"gzip, deflate","connection":"close"},"remoteAddress":"::ffff:127.0.0.1","remotePort":55131},"res":{"statusCode":200,"headers":{"x-powered-by":"Express","access-control-allow-origin":"*","content-type":"application/json; charset=utf-8","content-length":"15","etag":"W/\"f-VaSQ4oDUiZblZNAEkkN+sX+q3Sg\""}},"responseTime":7,"msg":"request completed"}
 Γ£ô tests/api.test.ts > CaseFlow API > GET /api/health returns ok
{"level":30,"time":1779213787199,"service":"caseflow-api","req":{"id":2,"method":"GET","url":"/api/tenants","query":{},"params":{},"headers":{"host":"127.0.0.1:55132","accept-encoding":"gzip, deflate","connection":"close"},"remoteAddress":"::ffff:127.0.0.1","remotePort":55133},"res":{"statusCode":200,"headers":{"x-powered-by":"Express","access-control-allow-origin":"*","content-type":"application/json; charset=utf-8","content-length":"1185","etag":"W/\"4a1-WnlQwGrDYsV6rLT30la/I5hifNI\""}},"responseTime":26,"msg":"request completed"}
