The CJS build of Vite's Node API is deprecated. See https://vite.dev/guide/troubleshooting.html#vite-cjs-node-api-deprecated for more details.

[1m[7m[36m RUN [39m[27m[22m [36mv2.1.9 [39m[90mC:/Users/jagord/Downloads/vscode/aicodingsummitdemo/backend[39m

{"level":30,"time":1779210233806,"service":"caseflow-api","msg":"using Cosmos DB store"}
(node:55528) Warning: Setting the NODE_TLS_REJECT_UNAUTHORIZED environment variable to '0' makes TLS connections and HTTPS requests insecure by disabling certificate verification.
(Use `node --trace-warnings ...` to show where the warning was created)
{"level":30,"time":1779210234067,"service":"caseflow-api","database":"caseflow","container":"entities","msg":"Cosmos container ready"}
{"level":30,"time":1779210234296,"service":"caseflow-api","req":{"id":1,"method":"GET","url":"/api/health","query":{},"params":{},"headers":{"host":"127.0.0.1:60007","accept-encoding":"gzip, deflate","connection":"close"},"remoteAddress":"::ffff:127.0.0.1","remotePort":60008},"res":{"statusCode":200,"headers":{"x-powered-by":"Express","access-control-allow-origin":"*","content-type":"application/json; charset=utf-8","content-length":"15","etag":"W/\"f-VaSQ4oDUiZblZNAEkkN+sX+q3Sg\""}},"responseTime":10,"msg":"request completed"}
 [32mΓ£ô[39m tests/api.test.ts[2m > [22mCaseFlow API[2m > [22mGET /api/health returns ok
{"level":30,"time":1779210234365,"service":"caseflow-api","req":{"id":2,"method":"GET","url":"/api/tenants","query":{},"params":{},"headers":{"host":"127.0.0.1:60009","accept-encoding":"gzip, deflate","connection":"close"},"remoteAddress":"::ffff:127.0.0.1","remotePort":60010},"res":{"statusCode":200,"headers":{"x-powered-by":"Express","access-control-allow-origin":"*","content-type":"application/json; charset=utf-8","content-length":"1185","etag":"W/\"4a1-7McYNFuNPu8vOZhY09ufnFv0Ew8\""}},"responseTime":41,"msg":"request completed"}
